# Wiipad generic Xbox 360 mapping

# ^100 axis -> scale = 100 or axis->button sensitivity
# %20 deadzone = 20%, dead zones are computed for each stick axis combination (X and Y), and single unpaired axes

profile.name = "XBMC mapping"

# Wiimote in vertical orientation
profile.wiimote.a = KEY_C
profile.wiimote.b = KEY_ESC
profile.wiimote.minus = KEY_TAB
profile.wiimote.home = KEY_S
profile.wiimote.plus = KEY_O
profile.wiimote.one = KEY_BACKSPACE
profile.wiimote.two = KEY_ENTER
profile.wiimote.left = KEY_DOWN
profile.wiimote.right = KEY_UP
profile.wiimote.up = KEY_LEFT
profile.wiimote.down = KEY_RIGHT

# From this point, equals generic xbox 360 mapping

# Wiimote + Nunchuk combination
profile.wiimotenunchuk.a = XBOX360_A
profile.wiimotenunchuk.b = XBOX360_B
profile.wiimotenunchuk.minus = XBOX360_BACK
profile.wiimotenunchuk.home = XBOX360_GUIDE
profile.wiimotenunchuk.plus = XBOX360_START
profile.wiimotenunchuk.nunchuk.c = XBOX360_LB
profile.wiimotenunchuk.nunchuk.z = XBOX360_RT
profile.wiimotenunchuk.down = XBOX360_RB
profile.wiimotenunchuk.shake = XBOX360_X ^220
profile.wiimotenunchuk.nunchuk.shake = XBOX360_Y ^220
profile.wiimotenunchuk.nunchuk.axis_x = XBOX360_LEFT_STICK_X
profile.wiimotenunchuk.nunchuk.axis_y = XBOX360_LEFT_STICK_Y

# Classic Controller
profile.classic.a = XBOX360_A
profile.classic.b = XBOX360_B
profile.classic.x = XBOX360_X
profile.classic.y = XBOX360_Y
profile.classic.left = XBOX360_DOWN
profile.classic.right = XBOX360_UP
profile.classic.up = XBOX360_LEFT
profile.classic.down = XBOX360_RIGHT
profile.classic.minus = XBOX360_BACK
profile.classic.home = XBOX360_GUIDE
profile.classic.plus = XBOX360_START
profile.classic.rt = XBOX360_RT
profile.classic.lt = XBOX360_LT
profile.classic.zr = XBOX360_RB
profile.classic.zl = XBOX360_LB
profile.classic.axis_x = XBOX360_LEFT_STICK_X %5
profile.classic.axis_y = XBOX360_LEFT_STICK_Y %5
profile.classic.axis_rx = XBOX360_RIGHT_STICK_X %5
profile.classic.axis_ry = XBOX360_RIGHT_STICK_Y %5

# WiiU Pro Controller
profile.pro.a = XBOX360_A
profile.pro.b = XBOX360_B
profile.pro.x = XBOX360_X
profile.pro.y = XBOX360_Y
profile.pro.left = XBOX360_DOWN
profile.pro.right = XBOX360_UP
profile.pro.up = XBOX360_LEFT
profile.pro.down = XBOX360_RIGHT
profile.pro.minus = XBOX360_BACK
profile.pro.home = XBOX360_GUIDE
profile.pro.plus = XBOX360_START
profile.pro.rt = XBOX360_RB
profile.pro.lt = XBOX360_LB
profile.pro.zr = XBOX360_RT
profile.pro.zl = XBOX360_LT
profile.pro.axis_x = XBOX360_LEFT_STICK_X %5
profile.pro.axis_y = XBOX360_LEFT_STICK_X %5
profile.pro.axis_rx = XBOX360_RIGHT_STICK_X
profile.pro.axis_ry = XBOX360_RIGHT_STICK_Y
profile.pro.lthumb = XBOX360_LEFT_STICK
profile.pro.rthumb = XBOX360_RIGHT_STICK
